---
# yaml-language-server: $schema=https://raw.githubusercontent.com/fluxcd-community/flux2-schemas/main/helmrepository-source-v1beta2.json
name: Hello world